<html>
<body>
<pre>
<h1>µVision Build Log</h1>
<h2>Project:</h2>
C:\Users\Prof. B Ravi\Documents\Embedded System Part1\2.LED and switch interface\Lab4.uvproj
Project File Date:  05/30/2017

<h2>Output:</h2>
Build target 'IO'
compiling main.c...
linking...
Program Size: Code=2760 RO-data=2432 RW-data=56 ZI-data=1752  
".\IO.axf" - 0 Error(s), 0 Warning(s).
</pre>
</body>
</html>
ded System Part1\\2.LED and switch interface\\IO.axf" 
Connecting: Mode=JTAG, Speed=1000000Hz
Erase Done.
Programming Done.
Verify OK.
Error: Target DLL has been cancelled. Debugger aborted !
